// Jest Snapshot v1, https://goo.gl/fbAQLP

exports[`description in description 1`] = `
"export interface FetchCallbackResponseArray<T, V> {
  resource: Resource<T>;
  /**
   * @deprecated Resolve Clear with condition in your fetch api this function
   *     will be remove
   */
  refetch: (...arg: V[]) => void;
  /**
   * @deprecated Resolve Clear with condition in your fetch api this function
   *     will be remove
   */
  clear: () => void;
}
"
`;
